09:33:37 **** Incremental Build of configuration Debug for project grad2 ****
make all 
Building file: ../APP/main.c
Invoking: AVR Compiler
avr-gcc -Wall -g2 -gstabs -O0 -fpack-struct -fshort-enums -ffunction-sections -fdata-sections -std=gnu99 -funsigned-char -funsigned-bitfields -mmcu=atmega32 -DF_CPU=8000000UL -MMD -MP -MF"APP/main.d" -MT"APP/main.o" -c -o "APP/main.o" "../APP/main.c"
In file included from ../APP/main.c:32:
c:/users/loq/desktop/iti/imt_sdk_win_64/imt_sdk_win_64/winavr/lib/gcc/../../avr/include/util/delay.h:90:3: warning: #warning "Compiler optimizations disabled; functions from <util/delay.h> won't work as designed"
Finished building: ../APP/main.c
 
Building target: grad2.elf
Invoking: AVR C Linker
avr-gcc -Wl,-Map,grad2.map -mmcu=atmega32 -o "grad2.elf"  ./MCAL/USART/USART_prg.o  ./MCAL/TIMER/TIMER_prg.o  ./MCAL/GIE/GIE_prg.o  ./MCAL/EXTI/EXTI_prg.o  ./MCAL/DIO/DIO_prg.o  ./MCAL/ADC/ADC_prg.o  ./HAL/ULTRASONIC/ULTRASONIC_prg.o  ./HAL/MOTOR/MOTOR_prg.o  ./HAL/LCD/LCD_prg.o  ./HAL/BLUETOOTH/BLUETOOTH_prg.o  ./APP/main.o   
Finished building target: grad2.elf
 
Invoking: AVR Create Extended Listing
avr-objdump -h -S grad2.elf  >"grad2.lss"
Finished building: grad2.lss
 
Create Flash image (ihex format)
avr-objcopy -R .eeprom -R .fuse -R .lock -R .signature -O ihex grad2.elf  "grad2.hex"
Finished building: grad2.hex
 
Invoking: Print Size
avr-size --format=avr --mcu=atmega32 grad2.elf
AVR Memory Usage
----------------
Device: atmega32

Program:   15070 bytes (46.0% Full)
(.text + .data + .bootloader)

Data:         54 bytes (2.6% Full)
(.data + .bss + .noinit)


Finished building: sizedummy
 

09:33:39 Build Finished (took 1s.214ms)

